// Jest Snapshot v1, https://goo.gl/fbAQLP

exports[`container is not null after snapshot 1`] = `
<div>
  test text
</div>
`;
